── Attaching core tidyverse packages ──────────────────────── tidyverse 2.0.0 ──
✔ dplyr     1.1.4     ✔ readr     2.1.5
✔ forcats   1.0.0     ✔ stringr   1.5.1
✔ ggplot2   3.5.1     ✔ tibble    3.2.1
✔ lubridate 1.9.4     ✔ tidyr     1.3.1
✔ purrr     1.0.4     
── Conflicts ────────────────────────────────────────── tidyverse_conflicts() ──
✖ dplyr::filter() masks stats::filter()
✖ dplyr::lag()    masks stats::lag()
ℹ Use the conflicted package (<http://conflicted.r-lib.org/>) to force all conflicts to become errors
Loading required package: lattice

Attaching package: ‘caret’

The following object is masked from ‘package:purrr’:

    lift

Warning message:
package ‘lattice’ was built under R version 4.5.2 

Attaching package: ‘jsonlite’

The following object is masked from ‘package:purrr’:

    flatten


Attaching package: ‘foreach’

The following objects are masked from ‘package:purrr’:

    accumulate, when

Loading required package: iterators
Loading required package: snow

Attaching package: ‘snow’

The following objects are masked from ‘package:parallel’:

    closeNode, clusterApply, clusterApplyLB, clusterCall, clusterEvalQ,
    clusterExport, clusterMap, clusterSplit, makeCluster, parApply,
    parCapply, parLapply, parRapply, parSapply, recvData, recvOneData,
    sendData, splitIndices, stopCluster

here() starts at /accounts/grad/butlerj/extreme_antarctic_ARs
Rows: 2466 Columns: 16
── Column specification ────────────────────────────────────────────────────────
Delimiter: ","
chr  (2): Label, region
dbl (14): max_area, mean_landfalling_area, cumulative_landfalling_area, dura...

ℹ Use `spec()` to retrieve the full column specification for this data.
ℹ Specify the column types or set `show_col_types = FALSE` to quiet this message.
slurmstepd-scf-sm21: error: *** JOB 3233705 ON scf-sm21 CANCELLED AT 2026-05-01T15:27:44 ***
